// Jest Snapshot v1, https://goo.gl/fbAQLP

exports[`page - index should render 1`] = `
<main
  className="jsx-1158505670 sans-serif ma0 pa0 "
>
  <form
    action="/"
    className="jsx-1114613828"
    method="get"
  >
    <label
      className="jsx-1114613828"
      htmlFor="q"
      style={
        Object {
          "color": "transparent",
          "fontSize": 0,
        }
      }
    >
      Search for a gif
    </label>
    <input
      autoFocus={true}
      className="jsx-1114613828 input-reset sans-serif border-box bn br0 pa2 ma0 fw1 w-100"
      defaultValue=""
      id="q"
      name="q"
      placeholder="HOT PICS"
      style={
        Object {
          "appearance": "none",
        }
      }
      type="text"
    />
  </form>
</main>
`;
