// Jest Snapshot v1, https://goo.gl/fbAQLP

exports[`page - index should render 1`] = `
<main
  className="jsx-1380780356 sans-serif ma0 pa0 "
>
  <form
    action="/"
    className="jsx-1901102120 relative"
    method="get"
  >
    <label
      className="jsx-1901102120"
      htmlFor="q"
      style={
        Object {
          "color": "transparent",
          "fontSize": 0,
        }
      }
    >
      Search for a gif
      <svg
        className="dib right-0 top-0 pt2 mt1 pr2 ml1 absolute o-100"
        clipRule="evenodd"
        fillRule="evenodd"
        strokeLinecap="round"
        viewBox="0 0 16 16"
        xmlns="http://www.w3.org/2000/svg"
      >
        <path
          d="M7.004 1.692c-2.914 0-5.312 2.398-5.312 5.312s2.398 5.312 5.312 5.312m0-10.624c2.914 0 5.312 2.398 5.312 5.312m-5.312 3.984c2.186 0 3.984-1.798 3.984-3.984m-7.968 0c0-2.186 1.798-3.984 3.984-3.984m4.648 7.304l2.656 2.656m-3.984-1.328l2.656 2.656c.728 0 1.328-.6 1.328-1.328"
          fill="none"
          stroke="#000"
          strokeWidth=".63"
        />
      </svg>
    </label>
    <input
      className="jsx-1901102120 input-reset sans-serif border-box bn br0 pv2 fw1 w-100 f1"
      defaultValue=""
      id="q"
      name="q"
      onBlur={[Function]}
      onFocus={[Function]}
      placeholder="MY HOT. PICS"
      style={
        Object {
          "appearance": "none",
        }
      }
      type="text"
    />
  </form>
</main>
`;
